---
source: tests/proof_error_snapshots.rs
expression: formatted
---
error chain:
  - command error
  - unification failed: proposition mismatch: expected imp foo bar
8:37

lemma bad_implication : foo → bar := assume foo, «foo»
                                    ^^^^^^^^^^^^^^^^^^

fixture: tests/proof_errors/bad_implication.shari
