---
source: tests/proof_error_snapshots.rs
expression: formatted
---
error chain:
  - command error
  - unification failed: not a forall: trivial
tests/proof_errors/not_a_forall.shari:6:28

lemma not_a_forall : foo := @trivial[foo]
                           ^^^^^^^^^

fixture: tests/proof_errors/not_a_forall.shari
